<?xml version="1.0" encoding="UTF-8"?>
<testsuites name="jest tests" tests="7" failures="0" errors="0" time="1.8">
  <testsuite name="undefined" errors="0" failures="0" skipped="0" timestamp="2025-12-30T20:34:17" time="1.112" tests="2">
    <testcase classname=" Right components created" name=" Right components created" time="0.003">
    </testcase>
    <testcase classname=" App.js has MyContainer.js component" name=" App.js has MyContainer.js component" time="0.012">
    </testcase>
  </testsuite>
  <testsuite name="undefined" errors="0" failures="0" skipped="0" timestamp="2025-12-30T20:34:17" time="1.117" tests="1">
    <testcase classname=" List takes props" name=" List takes props" time="0.017">
    </testcase>
  </testsuite>
  <testsuite name="undefined" errors="0" failures="0" skipped="0" timestamp="2025-12-30T20:34:17" time="1.155" tests="2">
    <testcase classname=" React is imported" name=" React is imported" time="0.002">
    </testcase>
    <testcase classname=" renders &apos;hello world&apos;" name=" renders &apos;hello world&apos;" time="0.014">
    </testcase>
  </testsuite>
  <testsuite name="MyContainer" errors="0" failures="0" skipped="0" timestamp="2025-12-30T20:34:17" time="1.16" tests="1">
    <testcase classname="MyContainer should input text and display it on the page when the button is clicked" name="MyContainer should input text and display it on the page when the button is clicked" time="0.05">
    </testcase>
  </testsuite>
  <testsuite name="undefined" errors="0" failures="0" skipped="0" timestamp="2025-12-30T20:34:17" time="1.169" tests="1">
    <testcase classname=" conditional rendering" name=" conditional rendering" time="0.054">
    </testcase>
  </testsuite>
</testsuites>